// Jest Snapshot v1, https://goo.gl/fbAQLP

exports[`A basic test: a snapshot 1`] = `1`;
